\BOOKMARK [1][-]{section.1}{\376\377\201\352\122\250\143\247\122\066\174\373\176\337\166\204\127\372\147\054\151\202\137\365}{}% 1
\BOOKMARK [2][-]{subsection.1.1}{\376\377\143\247\122\066\174\373\176\337\166\204\122\006\174\173}{section.1}% 2
\BOOKMARK [2][-]{subsection.1.2}{\376\377\143\247\122\066\174\373\176\337\166\204\121\103\116\366\124\214\117\341\123\367}{section.1}% 3
\BOOKMARK [2][-]{subsection.1.3}{\376\377\143\247\122\066\174\373\176\337\166\204\127\372\147\054\211\201\154\102}{section.1}% 4
\BOOKMARK [1][-]{section.2}{\376\377\176\277\140\047\217\336\176\355\174\373\176\337\166\204\145\160\133\146\152\041\127\213}{}% 5
\BOOKMARK [2][-]{subsection.2.1}{\376\377\137\256\122\006\145\271\172\013\116\016\117\040\220\022\121\375\145\160}{section.2}% 6
\BOOKMARK [3][-]{subsubsection.2.1.1}{\376\377\137\256\122\006\145\271\172\013\152\041\127\213}{subsection.2.1}% 7
\BOOKMARK [3][-]{subsubsection.2.1.2}{\376\377\142\311\146\156\142\311\145\257\123\330\143\142\377\010\000L\000a\000p\000l\000a\000c\000e\000\040\000T\000r\000a\000n\000s\000f\000o\000r\000m\377\011}{subsection.2.1}% 8
\BOOKMARK [3][-]{subsubsection.2.1.3}{\376\377\131\015\145\160\127\337\152\041\127\213}{subsection.2.1}% 9
\BOOKMARK [3][-]{subsubsection.2.1.4}{\376\377\121\170\127\213\163\257\202\202}{subsection.2.1}% 10
\BOOKMARK [2][-]{subsection.2.2}{\376\377\174\373\176\337\150\106\126\376}{section.2}% 11
\BOOKMARK [3][-]{subsubsection.2.2.1}{\376\377\150\106\126\376\166\204\176\323\147\204\123\330\143\142}{subsection.2.2}% 12
\BOOKMARK [3][-]{subsubsection.2.2.2}{\376\377\150\205\150\356\377\010\000M\000a\000s\000o\000n\377\011\121\154\137\017}{subsection.2.2}% 13
\BOOKMARK [1][-]{section.3}{\376\377\176\277\140\047\217\336\176\355\174\373\176\337\166\204\145\366\127\337\122\006\147\220}{}% 14
\BOOKMARK [2][-]{subsection.3.1}{\376\377\122\250\140\001\140\047\200\375\143\007\150\007}{section.3}% 15
\BOOKMARK [2][-]{subsection.3.2}{\376\377\116\000\226\066\174\373\176\337}{section.3}% 16
\BOOKMARK [3][-]{subsubsection.3.2.1}{\376\377\123\125\117\115\226\066\215\303\166\370\136\224}{subsection.3.2}% 17
\BOOKMARK [3][-]{subsubsection.3.2.2}{\376\377\116\000\226\066\174\373\176\337\123\125\117\115\124\315\136\224\166\204\162\171\160\271}{subsection.3.2}% 18
\BOOKMARK [2][-]{subsection.3.3}{\376\377\116\214\226\066\174\373\176\337}{section.3}% 19
\BOOKMARK [3][-]{subsubsection.3.3.1}{\376\377\116\214\226\066\174\373\176\337\166\204\123\125\117\115\226\066\215\303\124\315\136\224}{subsection.3.3}% 20
\BOOKMARK [3][-]{subsubsection.3.3.2}{\376\377\121\167\147\011\226\366\160\271\166\204\116\214\226\066\174\373\176\337\166\204\123\125\117\115\226\066\215\303\124\315\136\224}{subsection.3.3}% 21
\BOOKMARK [3][-]{subsubsection.3.3.3}{\376\377\116\214\226\066\174\373\176\337\166\204\123\125\117\115\201\011\121\262\124\315\136\224}{subsection.3.3}% 22
\BOOKMARK [3][-]{subsubsection.3.3.4}{\376\377\116\214\226\066\174\373\176\337\166\204\123\125\117\115\145\234\127\141\124\315\136\224}{subsection.3.3}% 23
\BOOKMARK [2][-]{subsection.3.4}{\376\377\232\330\226\066\174\373\176\337}{section.3}% 24
\BOOKMARK [3][-]{subsubsection.3.4.1}{\376\377\121\170\127\213\116\011\226\066\174\373\176\337}{subsection.3.4}% 25
\BOOKMARK [3][-]{subsubsection.3.4.2}{\376\377\116\000\202\054\166\204\232\330\226\066\174\373\176\337}{subsection.3.4}% 26
\BOOKMARK [2][-]{subsection.3.5}{\376\377\145\366\127\337\172\063\133\232\140\047\122\006\147\220}{section.3}% 27
\BOOKMARK [3][-]{subsubsection.3.5.1}{\376\377\122\263\145\257\377\010\000R\000o\000u\000t\000h\377\011\122\044\143\156}{subsection.3.5}% 28
\BOOKMARK [3][-]{subsubsection.3.5.2}{\376\377\215\153\134\024\176\364\203\050\377\010\000H\000u\000r\000w\000i\000t\000z\377\011\122\044\143\156}{subsection.3.5}% 29
\BOOKMARK [2][-]{subsection.3.6}{\376\377\172\063\140\001\213\357\135\356}{section.3}% 30
\BOOKMARK [3][-]{subsubsection.3.6.1}{\376\377\227\131\140\001\172\063\140\001\213\357\135\356}{subsection.3.6}% 31
\BOOKMARK [3][-]{subsubsection.3.6.2}{\376\377\122\250\140\001\213\357\135\356\174\373\145\160}{subsection.3.6}% 32
\BOOKMARK [3][-]{subsubsection.3.6.3}{\376\377\172\063\140\001\213\357\135\356\166\204\145\071\125\204}{subsection.3.6}% 33
\BOOKMARK [1][-]{section.4}{\376\377\150\071\217\150\217\371\122\006\147\220}{}% 34
\BOOKMARK [2][-]{subsection.4.1}{\376\377\176\330\122\066\150\071\217\150\217\371\166\204\127\372\147\054\211\304\122\031}{section.4}% 35
\BOOKMARK [2][-]{subsection.4.2}{\376\377\150\071\217\150\217\371\122\006\147\220\174\373\176\337\140\047\200\375}{section.4}% 36
\BOOKMARK [2][-]{subsection.4.3}{\376\377\162\171\153\212\150\071\217\150\217\371}{section.4}% 37
\BOOKMARK [3][-]{subsubsection.4.3.1}{\376\377\153\143\123\315\231\210\174\373\176\337\166\204\150\071\217\150\217\371\377\010\226\366\136\246\150\071\217\150\217\371\377\011}{subsection.4.3}% 38
\BOOKMARK [3][-]{subsubsection.4.3.2}{\376\377\123\302\145\160\150\071\217\150\217\371}{subsection.4.3}% 39
\BOOKMARK [1][-]{section.5}{\376\377\176\277\140\047\217\336\176\355\174\373\176\337\166\204\230\221\127\337\122\006\147\220}{}% 40
\BOOKMARK [2][-]{subsection.5.1}{\376\377\143\247\122\066\174\373\176\337\166\204\230\221\163\207\162\171\140\047}{section.5}% 41
\BOOKMARK [3][-]{subsubsection.5.1.1}{\376\377\116\011\171\315\126\376\137\142\210\150\171\072}{subsection.5.1}% 42
\BOOKMARK [3][-]{subsubsection.5.1.2}{\376\377\121\170\127\213\163\257\202\202\166\204\230\221\163\207\162\171\140\047}{subsection.5.1}% 43
\BOOKMARK [3][-]{subsubsection.5.1.3}{\376\377\174\373\176\337\137\000\163\257\230\221\163\207\162\171\140\047\176\330\122\066}{subsection.5.1}% 44
\BOOKMARK [2][-]{subsection.5.2}{\376\377\225\355\163\257\174\373\176\337\230\221\127\337\172\063\133\232\140\047\122\006\147\220}{section.5}% 45
\BOOKMARK [3][-]{subsubsection.5.2.1}{\376\377\131\110\131\116\145\257\162\171\377\010\000N\000y\000q\000u\000i\000s\000t\377\011\172\063\133\232\122\044\143\156}{subsection.5.2}% 46
\BOOKMARK [3][-]{subsubsection.5.2.2}{\376\377\133\371\145\160\230\221\163\207\172\063\133\232\122\044\143\156}{subsection.5.2}% 47
\BOOKMARK [3][-]{subsubsection.5.2.3}{\376\377\172\063\133\232\210\325\136\246}{subsection.5.2}% 48
\BOOKMARK [3][-]{subsubsection.5.2.4}{\376\377\172\063\140\001\213\357\135\356}{subsection.5.2}% 49
\BOOKMARK [2][-]{subsection.5.3}{\376\377\122\250\140\001\140\047\200\375\122\006\147\220}{section.5}% 50
\BOOKMARK [1][-]{section.6}{\376\377\176\277\140\047\217\336\176\355\174\373\176\337\166\204\150\041\153\143}{}% 51
\BOOKMARK [2][-]{subsection.6.1}{\376\377\000P\000I\000D\143\247\122\066\137\213}{section.6}% 52
\BOOKMARK [3][-]{subsubsection.6.1.1}{\376\377\124\004\143\247\122\066\126\150\166\204\117\134\165\050}{subsection.6.1}% 53
\BOOKMARK [3][-]{subsubsection.6.1.2}{\376\377\000P\000I\000D\145\164\133\232}{subsection.6.1}% 54
\BOOKMARK [2][-]{subsection.6.2}{\376\377\116\062\200\124\150\041\153\143}{section.6}% 55
\BOOKMARK [3][-]{subsubsection.6.2.1}{\376\377\116\062\200\124\215\205\122\115\150\041\153\143}{subsection.6.2}% 56
\BOOKMARK [3][-]{subsubsection.6.2.2}{\376\377\116\062\200\124\156\336\124\016\150\041\153\143}{subsection.6.2}% 57
\BOOKMARK [3][-]{subsubsection.6.2.3}{\376\377\116\062\200\124\156\336\124\016\000-\215\205\122\115\150\041\153\143}{subsection.6.2}% 58
\BOOKMARK [2][-]{subsection.6.3}{\376\377\123\315\231\210\150\041\153\143}{section.6}% 59
\BOOKMARK [2][-]{subsection.6.4}{\376\377\131\015\124\010\150\041\153\143}{section.6}% 60
\BOOKMARK [1][-]{section.7}{\376\377\176\277\140\047\171\273\145\143\174\373\176\337\166\204\122\006\147\220\116\016\150\041\153\143}{}% 61
\BOOKMARK [2][-]{subsection.7.1}{\376\377\117\341\123\367\166\204\221\307\150\067\116\016\117\335\143\001}{section.7}% 62
\BOOKMARK [3][-]{subsubsection.7.1.1}{\376\377\221\307\150\067}{subsection.7.1}% 63
\BOOKMARK [3][-]{subsubsection.7.1.2}{\376\377\117\335\143\001}{subsection.7.1}% 64
\BOOKMARK [2][-]{subsection.7.2}{\376\377\145\160\133\146\152\041\127\213}{section.7}% 65
\BOOKMARK [3][-]{subsubsection.7.2.1}{\376\377\135\356\122\006\145\271\172\013}{subsection.7.2}% 66
\BOOKMARK [3][-]{subsubsection.7.2.2}{\376\377\000Z\123\330\143\142}{subsection.7.2}% 67
\BOOKMARK [3][-]{subsubsection.7.2.3}{\376\377\131\015\145\160\127\337\145\160\133\146\152\041\127\213}{subsection.7.2}% 68
\BOOKMARK [2][-]{subsection.7.3}{\376\377\145\366\127\337\122\006\147\220}{section.7}% 69
\BOOKMARK [3][-]{subsubsection.7.3.1}{\376\377\172\063\133\232\140\047\122\006\147\220}{subsection.7.3}% 70
\BOOKMARK [3][-]{subsubsection.7.3.2}{\376\377\122\250\140\001\140\047\200\375\122\006\147\220}{subsection.7.3}% 71
\BOOKMARK [3][-]{subsubsection.7.3.3}{\376\377\172\063\140\001\213\357\135\356}{subsection.7.3}% 72
\BOOKMARK [2][-]{subsection.7.4}{\376\377\176\277\140\047\171\273\145\143\174\373\176\337\166\204\150\041\153\143}{section.7}% 73
\BOOKMARK [3][-]{subsubsection.7.4.1}{\376\377\152\041\142\337\123\026\213\276\213\241}{subsection.7.4}% 74
\BOOKMARK [3][-]{subsubsection.7.4.2}{\376\377\147\000\134\021\142\315\174\373\176\337\166\204\213\276\213\241}{subsection.7.4}% 75
\BOOKMARK [3][-]{subsubsection.7.4.3}{\376\377\145\160\133\127\000P\000I\000D\143\247\122\066\126\150\213\276\213\241}{subsection.7.4}% 76
\BOOKMARK [1][-]{section.8}{\376\377\227\136\176\277\140\047\174\373\176\337\122\006\147\220}{}% 77
\BOOKMARK [2][-]{subsection.8.1}{\376\377\227\136\176\277\140\047\174\373\176\337\151\202\217\360}{section.8}% 78
\BOOKMARK [3][-]{subsubsection.8.1.1}{\376\377\227\136\176\277\140\047\174\373\176\337\166\204\162\171\160\271}{subsection.8.1}% 79
\BOOKMARK [3][-]{subsubsection.8.1.2}{\376\377\121\170\127\213\166\204\227\136\176\277\140\047\162\171\140\047}{subsection.8.1}% 80
\BOOKMARK [2][-]{subsection.8.2}{\376\377\166\370\136\163\227\142\154\325}{section.8}% 81
\BOOKMARK [3][-]{subsubsection.8.2.1}{\376\377\166\370\217\150\217\371\166\204\140\047\215\050}{subsection.8.2}% 82
\BOOKMARK [3][-]{subsubsection.8.2.2}{\376\377\166\370\217\150\217\371\166\204\176\330\122\066}{subsection.8.2}% 83
\BOOKMARK [3][-]{subsubsection.8.2.3}{\376\377\166\370\136\163\227\142\126\376\166\204\122\006\147\220}{subsection.8.2}% 84
\BOOKMARK [2][-]{subsection.8.3}{\376\377\143\317\217\360\121\375\145\160\154\325}{section.8}% 85
\BOOKMARK [3][-]{subsubsection.8.3.1}{\376\377\121\170\127\213\227\136\176\277\140\047\163\257\202\202\166\204\143\317\217\360\121\375\145\160}{subsection.8.3}% 86
\BOOKMARK [3][-]{subsubsection.8.3.2}{\376\377\172\063\133\232\140\047\122\006\147\220}{subsection.8.3}% 87
