\BOOKMARK [1][-]{section.1}{\376\377\123\330\122\006\154\325}{}% 1
\BOOKMARK [2][-]{subsection.1.1}{\376\377\154\333\121\375\116\016\123\330\122\006\166\204\127\372\147\054\151\202\137\365}{section.1}% 2
\BOOKMARK [3][-]{subsubsection.1.1.1}{\376\377\154\333\121\375}{subsection.1.1}% 3
\BOOKMARK [3][-]{subsubsection.1.1.2}{\376\377\123\330\122\006\116\016\217\320\173\227\211\304\122\031}{subsection.1.1}% 4
\BOOKMARK [3][-]{subsubsection.1.1.3}{\376\377\154\333\121\375\147\201\120\074\123\312\122\044\133\232}{subsection.1.1}% 5
\BOOKMARK [2][-]{subsection.1.2}{\376\377\153\047\142\311\000-\142\311\150\074\147\027\145\345\145\271\172\013}{section.1}% 6
\BOOKMARK [2][-]{subsection.1.3}{\376\377\152\052\142\052\147\141\116\366}{section.1}% 7
\BOOKMARK [2][-]{subsection.1.4}{\376\377\123\330\122\006\154\325\127\050\147\000\117\030\143\247\122\066\116\055\166\204\136\224\165\050}{section.1}% 8
\BOOKMARK [3][-]{subsubsection.1.4.1}{\376\377\147\053\172\357\145\366\122\073\126\372\133\232\145\366\147\000\117\030\211\343}{subsection.1.4}% 9
\BOOKMARK [3][-]{subsubsection.1.4.2}{\376\377\147\053\172\357\145\366\122\073\201\352\165\061\145\366\166\204\147\000\117\030\211\343}{subsection.1.4}% 10
\BOOKMARK [1][-]{section.2}{\376\377\147\201\134\017\120\074\123\237\164\006}{}% 11
\BOOKMARK [2][-]{subsection.2.1}{\376\377\217\336\176\355\174\373\176\337\147\053\172\357\201\352\165\061\166\204\147\201\134\017\120\074\123\237\164\006}{section.2}% 12
\BOOKMARK [2][-]{subsection.2.2}{\376\377\121\340\171\315\225\356\230\230\147\201\134\017\120\074\123\237\164\006\166\204\217\154\123\026}{section.2}% 13
\BOOKMARK [3][-]{subsubsection.2.2.1}{\376\377\227\136\133\232\136\070\174\373\176\337}{subsection.2.2}% 14
\BOOKMARK [3][-]{subsubsection.2.2.2}{\376\377\171\357\122\006\127\213\140\047\200\375\143\007\150\007}{subsection.2.2}% 15
\BOOKMARK [3][-]{subsubsection.2.2.3}{\376\377\147\053\140\001\176\246\147\137}{subsection.2.2}% 16
\BOOKMARK [3][-]{subsubsection.2.2.4}{\376\377\147\011\171\357\122\006\226\120\122\066\140\305\137\142}{subsection.2.2}% 17
\BOOKMARK [2][-]{subsection.2.3}{\376\377\171\273\145\143\174\373\176\337\166\204\147\201\134\017\120\074\123\237\164\006}{section.2}% 18
\BOOKMARK [3][-]{subsubsection.2.3.1}{\376\377\147\053\172\357\176\246\147\137\145\366}{subsection.2.3}% 19
\BOOKMARK [3][-]{subsubsection.2.3.2}{\376\377\147\053\172\357\201\352\165\061\145\366}{subsection.2.3}% 20
\BOOKMARK [2][-]{subsection.2.4}{\376\377\200\375\221\317\147\000\134\017\143\247\122\066\225\356\230\230}{section.2}% 21
\BOOKMARK [2][-]{subsection.2.5}{\376\377\145\366\225\364\147\000\117\030\143\247\122\066\225\356\230\230}{section.2}% 22
\BOOKMARK [1][-]{section.3}{\376\377\176\277\140\047\116\214\153\041\127\213\147\000\117\030\143\247\122\066\225\356\230\230\377\010\000L\000Q\000R\377\011}{}% 23
\BOOKMARK [2][-]{subsection.3.1}{\376\377\162\266\140\001\214\003\202\202\126\150}{section.3}% 24
\BOOKMARK [3][-]{subsubsection.3.1.1}{\376\377\147\011\226\120\145\366\225\364\162\266\140\001\214\003\202\202\126\150}{subsection.3.1}% 25
\BOOKMARK [3][-]{subsubsection.3.1.2}{\376\377\145\340\226\120\225\177\145\366\225\364\133\232\136\070\162\266\140\001\214\003\202\202\126\150}{subsection.3.1}% 26
\BOOKMARK [2][-]{subsection.3.2}{\376\377\217\223\121\372\214\003\202\202\126\150}{section.3}% 27
\BOOKMARK [3][-]{subsubsection.3.2.1}{\376\377\176\277\140\047\145\366\123\330\174\373\176\337}{subsection.3.2}% 28
\BOOKMARK [3][-]{subsubsection.3.2.2}{\376\377\176\277\140\047\133\232\136\070\174\373\176\337}{subsection.3.2}% 29
\BOOKMARK [2][-]{subsection.3.3}{\376\377\147\000\117\030\215\337\216\052\225\356\230\230}{section.3}% 30
\BOOKMARK [3][-]{subsubsection.3.3.1}{\376\377\176\277\140\047\145\366\123\330\174\373\176\337}{subsection.3.3}% 31
\BOOKMARK [3][-]{subsubsection.3.3.2}{\376\377\227\136\226\366\160\271\214\003\202\202\126\150\225\356\230\230}{subsection.3.3}% 32
\BOOKMARK [3][-]{subsubsection.3.3.3}{\376\377\000P\000I\215\337\216\052\143\247\122\066\126\150}{subsection.3.3}% 33
\BOOKMARK [1][-]{section.4}{\376\377\122\250\140\001\211\304\122\022}{}% 34
\BOOKMARK [2][-]{subsection.4.1}{\376\377\171\273\145\143\127\213\122\250\140\001\211\304\122\022}{section.4}% 35
\BOOKMARK [2][-]{subsection.4.2}{\376\377\217\336\176\355\127\213\122\250\140\001\211\304\122\022}{section.4}% 36
