\BOOKMARK [1][-]{section.1}{\376\377\174\373\176\337\166\204\162\266\140\001\172\172\225\364\210\150\217\276\137\017}{}% 1
\BOOKMARK [2][-]{subsection.1.1}{\376\377\162\266\140\001\172\172\225\364\166\204\127\372\147\054\151\202\137\365}{section.1}% 2
\BOOKMARK [2][-]{subsection.1.2}{\376\377\136\372\172\313\162\266\140\001\172\172\225\364\210\150\217\276\137\017\166\204\145\271\154\325}{section.1}% 3
\BOOKMARK [2][-]{subsection.1.3}{\376\377\116\343\145\160\173\111\116\367\174\373\176\337}{section.1}% 4
\BOOKMARK [1][-]{section.2}{\376\377\174\373\176\337\162\266\140\001\172\172\225\364\210\150\217\276\137\017\166\204\145\366\127\337\122\006\147\220}{}% 5
\BOOKMARK [2][-]{subsection.2.1}{\376\377\162\266\140\001\217\154\171\373\167\351\226\065}{section.2}% 6
\BOOKMARK [2][-]{subsection.2.2}{\376\377\176\277\140\047\174\373\176\337\166\204\124\315\136\224}{section.2}% 7
\BOOKMARK [3][-]{subsubsection.2.2.1}{\376\377\176\277\140\047\145\366\123\330\174\373\176\337}{subsection.2.2}% 8
\BOOKMARK [3][-]{subsubsection.2.2.2}{\376\377\176\277\140\047\133\232\136\070\174\373\176\337}{subsection.2.2}% 9
\BOOKMARK [3][-]{subsubsection.2.2.3}{\376\377\167\351\226\065\143\007\145\160\121\375\145\160\166\204\140\047\215\050}{subsection.2.2}% 10
\BOOKMARK [3][-]{subsubsection.2.2.4}{\376\377\167\351\226\065\143\007\145\160\121\375\145\160\166\204\154\102\211\343}{subsection.2.2}% 11
\BOOKMARK [2][-]{subsection.2.3}{\376\377\171\273\145\143\174\373\176\337\162\266\140\001\172\172\225\364\145\366\127\337\122\006\147\220}{section.2}% 12
\BOOKMARK [1][-]{section.3}{\376\377\174\373\176\337\166\204\200\375\143\247\140\047\124\214\200\375\211\302\140\047}{}% 13
\BOOKMARK [2][-]{subsection.3.1}{\376\377\200\375\143\247\140\047\123\312\122\044\133\232}{section.3}% 14
\BOOKMARK [3][-]{subsubsection.3.1.1}{\376\377\217\336\176\355\174\373\176\337\200\375\143\247\140\047\166\204\133\232\116\111}{subsection.3.1}% 15
\BOOKMARK [3][-]{subsubsection.3.1.2}{\376\377\176\277\140\047\217\336\176\355\133\232\136\070\174\373\176\337\200\375\143\247\140\047\166\204\122\044\143\156}{subsection.3.1}% 16
\BOOKMARK [3][-]{subsubsection.3.1.3}{\376\377\176\277\140\047\217\336\176\355\145\366\123\330\174\373\176\337\200\375\143\247\140\047\166\204\122\044\143\156}{subsection.3.1}% 17
\BOOKMARK [3][-]{subsubsection.3.1.4}{\376\377\217\223\121\372\200\375\143\247\140\047}{subsection.3.1}% 18
\BOOKMARK [3][-]{subsubsection.3.1.5}{\376\377\176\277\140\047\171\273\145\143\174\373\176\337\200\375\143\247\140\047}{subsection.3.1}% 19
\BOOKMARK [2][-]{subsection.3.2}{\376\377\200\375\211\302\140\047\123\312\122\044\133\232}{section.3}% 20
\BOOKMARK [3][-]{subsubsection.3.2.1}{\376\377\200\375\211\302\140\047\166\204\133\232\116\111}{subsection.3.2}% 21
\BOOKMARK [3][-]{subsubsection.3.2.2}{\376\377\133\371\120\166\123\237\164\006}{subsection.3.2}% 22
\BOOKMARK [3][-]{subsubsection.3.2.3}{\376\377\176\277\140\047\217\336\176\355\133\232\136\070\174\373\176\337\200\375\211\302\140\047\122\044\143\156}{subsection.3.2}% 23
\BOOKMARK [3][-]{subsubsection.3.2.4}{\376\377\176\277\140\047\217\336\176\355\145\366\123\330\174\373\176\337\200\375\211\302\140\047\122\044\143\156}{subsection.3.2}% 24
\BOOKMARK [3][-]{subsubsection.3.2.5}{\376\377\176\277\140\047\171\273\145\143\174\373\176\337\166\204\200\375\211\302\140\047}{subsection.3.2}% 25
\BOOKMARK [2][-]{subsection.3.3}{\376\377\200\375\143\247\211\304\203\003\127\213\124\214\200\375\211\302\211\304\203\003\127\213}{section.3}% 26
\BOOKMARK [3][-]{subsubsection.3.3.1}{\376\377\200\375\143\247\211\304\203\003\127\213}{subsection.3.3}% 27
\BOOKMARK [3][-]{subsubsection.3.3.2}{\376\377\200\375\211\302\211\304\203\003\127\213}{subsection.3.3}% 28
\BOOKMARK [2][-]{subsection.3.4}{\376\377\174\373\176\337\176\323\147\204\122\006\211\343}{section.3}% 29
\BOOKMARK [3][-]{subsubsection.3.4.1}{\376\377\200\375\143\247\140\047\176\323\147\204\122\006\211\343}{subsection.3.4}% 30
\BOOKMARK [3][-]{subsubsection.3.4.2}{\376\377\200\375\211\302\140\047\176\323\147\204\122\006\211\343}{subsection.3.4}% 31
\BOOKMARK [3][-]{subsubsection.3.4.3}{\376\377\211\304\203\003\122\006\211\343}{subsection.3.4}% 32
\BOOKMARK [1][-]{section.4}{\376\377\174\373\176\337\166\204\217\320\122\250\172\063\133\232\140\047}{}% 33
\BOOKMARK [2][-]{subsection.4.1}{\376\377\147\116\226\305\146\156\213\372\131\053\377\010\000L\000y\000a\000p\000u\000n\000o\000v\377\011\172\063\133\232\140\047\166\204\133\232\116\111}{section.4}% 34
\BOOKMARK [2][-]{subsection.4.2}{\376\377\167\351\226\065\153\143\133\232\140\047\166\370\121\163\151\202\137\365}{section.4}% 35
\BOOKMARK [2][-]{subsection.4.3}{\376\377\147\116\226\305\146\156\213\372\131\053\377\010\000L\000y\000a\000p\000u\000n\000o\000v\377\011\172\063\133\232\140\047\133\232\164\006}{section.4}% 36
\BOOKMARK [3][-]{subsubsection.4.3.1}{\376\377\172\063\133\232\140\047\133\232\164\006}{subsection.4.3}% 37
\BOOKMARK [3][-]{subsubsection.4.3.2}{\376\377\116\015\172\063\133\232\140\047\133\232\164\006}{subsection.4.3}% 38
\BOOKMARK [3][-]{subsubsection.4.3.3}{\376\377\143\007\145\160\172\063\133\232\122\044\143\156}{subsection.4.3}% 39
\BOOKMARK [2][-]{subsection.4.4}{\376\377\176\277\140\047\174\373\176\337\172\063\133\232\140\047\122\044\133\232}{section.4}% 40
\BOOKMARK [2][-]{subsection.4.5}{\376\377\147\204\220\040\000L\000y\000a\000p\000u\000n\000o\000v\121\375\145\160\166\204\145\271\154\325}{section.4}% 41
\BOOKMARK [1][-]{section.5}{\376\377\176\277\140\047\133\232\136\070\174\373\176\337\166\204\162\266\140\001\172\172\225\364\176\374\124\010}{}% 42
\BOOKMARK [2][-]{subsection.5.1}{\376\377\176\277\140\047\174\373\176\337\166\204\136\070\211\304\143\247\122\066\163\207}{section.5}% 43
\BOOKMARK [3][-]{subsubsection.5.1.1}{\376\377\162\266\140\001\123\315\231\210\143\247\122\066\137\213\377\010\166\364\143\245\162\266\140\001\123\315\231\210\377\011}{subsection.5.1}% 44
\BOOKMARK [3][-]{subsubsection.5.1.2}{\376\377\217\223\121\372\123\315\231\210\143\247\122\066\137\213}{subsection.5.1}% 45
\BOOKMARK [3][-]{subsubsection.5.1.3}{\376\377\217\223\121\372\122\250\140\001\210\145\120\177\126\150}{subsection.5.1}% 46
\BOOKMARK [2][-]{subsection.5.2}{\376\377\147\201\160\271\221\115\177\156}{section.5}% 47
\BOOKMARK [2][-]{subsection.5.3}{\376\377\225\107\133\232\225\356\230\230}{section.5}% 48
\BOOKMARK [2][-]{subsection.5.4}{\376\377\162\266\140\001\221\315\147\204\225\356\230\230}{section.5}% 49
\BOOKMARK [3][-]{subsubsection.5.4.1}{\376\377\121\150\176\364\162\266\140\001\211\302\155\113\126\150}{subsection.5.4}% 50
\BOOKMARK [3][-]{subsubsection.5.4.2}{\376\377\226\115\176\364\162\266\140\001\211\302\155\113\126\150}{subsection.5.4}% 51
\BOOKMARK [2][-]{subsection.5.5}{\376\377\211\343\200\046\225\356\230\230}{section.5}% 52
\BOOKMARK [3][-]{subsubsection.5.5.1}{\376\377\230\221\127\337\166\204\116\062\200\124\122\250\140\001\210\145\120\177\126\150\211\343\200\046}{subsection.5.5}% 53
\BOOKMARK [3][-]{subsubsection.5.5.2}{\376\377\145\366\127\337\166\204\162\266\140\001\123\315\231\210\211\343\200\046}{subsection.5.5}% 54
