\BOOKMARK [1][-]{section.1}{\376\377\226\217\147\072\217\307\172\013}{}% 1
\BOOKMARK [2][-]{subsection.1.1}{\376\377\226\217\147\072\217\307\172\013\166\204\145\160\133\127\162\171\137\201}{section.1}% 2
\BOOKMARK [2][-]{subsection.1.2}{\376\377\226\217\147\072\217\307\172\013\166\204\140\047\215\050}{section.1}% 3
\BOOKMARK [2][-]{subsection.1.3}{\376\377\226\217\147\072\171\357\122\006}{section.1}% 4
\BOOKMARK [3][-]{subsubsection.1.3.1}{\376\377\127\107\145\271\137\256\171\357\122\006}{subsection.1.3}% 5
\BOOKMARK [3][-]{subsubsection.1.3.2}{\376\377\117\012\205\344\377\010\000I\000t\000o\377\011\171\357\122\006}{subsection.1.3}% 6
\BOOKMARK [3][-]{subsubsection.1.3.3}{\376\377\116\015\124\014\226\217\147\072\171\357\122\006\166\204\153\324\217\203}{subsection.1.3}% 7
\BOOKMARK [2][-]{subsection.1.4}{\376\377\226\217\147\072\217\307\172\013}{section.1}% 8
\BOOKMARK [3][-]{subsubsection.1.4.1}{\376\377\232\330\145\257\377\010\000G\000a\000u\000s\000s\377\011\217\307\172\013}{subsection.1.4}% 9
\BOOKMARK [3][-]{subsubsection.1.4.2}{\376\377\232\154\134\024\171\321\131\053\377\010\000M\000a\000r\000k\000o\000v\377\011\217\307\172\013}{subsection.1.4}% 10
\BOOKMARK [3][-]{subsubsection.1.4.3}{\376\377\162\354\172\313\130\236\221\317\217\307\172\013}{subsection.1.4}% 11
\BOOKMARK [3][-]{subsubsection.1.4.4}{\376\377\176\364\176\263\377\010\000W\000i\000e\000n\000e\000r\377\011\217\307\172\013}{subsection.1.4}% 12
\BOOKMARK [3][-]{subsubsection.1.4.5}{\376\377\166\175\126\152\130\360\217\307\172\013}{subsection.1.4}% 13
\BOOKMARK [1][-]{section.2}{\376\377\226\217\147\072\174\373\176\337\166\204\145\160\133\146\152\041\127\213}{}% 14
\BOOKMARK [2][-]{subsection.2.1}{\376\377\217\336\176\355\174\373\176\337}{section.2}% 15
\BOOKMARK [3][-]{subsubsection.2.1.1}{\376\377\162\266\140\001\172\172\225\364\210\150\217\276\137\017}{subsection.2.1}% 16
\BOOKMARK [3][-]{subsubsection.2.1.2}{\376\377\145\160\133\127\162\171\137\201}{subsection.2.1}% 17
\BOOKMARK [2][-]{subsection.2.2}{\376\377\171\273\145\143\174\373\176\337}{section.2}% 18
\BOOKMARK [3][-]{subsubsection.2.2.1}{\376\377\162\266\140\001\172\172\225\364\210\150\217\276\137\017}{subsection.2.2}% 19
\BOOKMARK [1][-]{section.3}{\376\377\226\217\147\072\174\373\176\337\166\204\122\006\147\220}{}% 20
\BOOKMARK [2][-]{subsection.3.1}{\376\377\217\336\176\355\174\373\176\337\217\223\121\145\116\072\166\175\126\152\130\360\145\366\166\204\122\006\147\220}{section.3}% 21
\BOOKMARK [3][-]{subsubsection.3.1.1}{\376\377\145\366\127\337\211\343}{subsection.3.1}% 22
\BOOKMARK [3][-]{subsubsection.3.1.2}{\376\377\145\160\133\127\162\171\137\201}{subsection.3.1}% 23
\BOOKMARK [2][-]{subsection.3.2}{\376\377\217\336\176\355\174\373\176\337\136\163\172\063\217\307\172\013\166\204\122\006\147\220}{section.3}% 24
\BOOKMARK [3][-]{subsubsection.3.2.1}{\376\377\145\366\127\337\211\343}{subsection.3.2}% 25
\BOOKMARK [3][-]{subsubsection.3.2.2}{\376\377\145\160\133\127\162\171\137\201}{subsection.3.2}% 26
\BOOKMARK [3][-]{subsubsection.3.2.3}{\376\377\122\237\163\207\214\061\133\306\136\246}{subsection.3.2}% 27
\BOOKMARK [2][-]{subsection.3.3}{\376\377\217\336\176\355\174\373\176\337\226\104\122\240\126\152\130\360\116\072\147\011\202\162\126\152\130\360\145\366\166\204\122\006\147\220}{section.3}% 28
\BOOKMARK [3][-]{subsubsection.3.3.1}{\376\377\130\236\136\177\154\325\154\102\211\343}{subsection.3.3}% 29
\BOOKMARK [3][-]{subsubsection.3.3.2}{\376\377\214\061\122\006\211\343\124\214\214\061\210\150\171\072\133\232\164\006}{subsection.3.3}% 30
\BOOKMARK [2][-]{subsection.3.4}{\376\377\171\273\145\143\174\373\176\337\145\271\172\013\116\016\217\336\176\355\174\373\176\337\145\271\172\013\166\204\217\154\123\026}{section.3}% 31
\BOOKMARK [3][-]{subsubsection.3.4.1}{\376\377\217\336\176\355\217\307\172\013\171\273\145\143\123\026}{subsection.3.4}% 32
\BOOKMARK [3][-]{subsubsection.3.4.2}{\376\377\171\273\145\143\217\307\172\013\172\040\133\306\123\026}{subsection.3.4}% 33
\BOOKMARK [1][-]{section.4}{\376\377\226\217\147\072\174\373\176\337\166\204\176\374\124\010}{}% 34
\BOOKMARK [2][-]{subsection.4.1}{\376\377\123\302\145\160\147\000\117\030\225\356\230\230}{section.4}% 35
\BOOKMARK [2][-]{subsection.4.2}{\376\377\147\000\117\030\174\373\176\337\117\040\220\022\121\375\145\160\225\356\230\230}{section.4}% 36
\BOOKMARK [2][-]{subsection.4.3}{\376\377\147\000\134\017\145\271\135\356\143\247\122\066\137\213\225\356\230\230}{section.4}% 37
\BOOKMARK [1][-]{section.5}{\376\377\162\266\140\001\117\060\213\241}{}% 38
\BOOKMARK [2][-]{subsection.5.1}{\376\377\171\273\145\143\145\366\225\364\176\277\140\047\174\373\176\337\166\204\000K\000a\000l\000m\000a\000n\156\344\154\342}{section.5}% 39
\BOOKMARK [3][-]{subsubsection.5.1.1}{\376\377\116\000\153\145\230\204\155\113\117\060\213\241}{subsection.5.1}% 40
\BOOKMARK [3][-]{subsubsection.5.1.2}{\376\377\156\344\154\342\130\236\166\312\167\351\226\065}{subsection.5.1}% 41
\BOOKMARK [3][-]{subsubsection.5.1.3}{\376\377\116\000\202\054\140\305\121\265\116\013\166\204\000K\000a\000l\000m\000a\000n\156\344\154\342\173\227\154\325}{subsection.5.1}% 42
\BOOKMARK [3][-]{subsubsection.5.1.4}{\376\377\147\011\202\162\126\152\130\360\116\013\166\204\171\273\145\143\000K\000a\000l\000m\000a\000n\156\344\154\342}{subsection.5.1}% 43
\BOOKMARK [2][-]{subsection.5.2}{\376\377\217\336\176\355\145\366\225\364\176\277\140\047\174\373\176\337\166\204\000K\000a\000l\000m\000a\000n\156\344\154\342}{section.5}% 44
\BOOKMARK [3][-]{subsubsection.5.2.1}{\376\377\156\344\154\342\127\372\147\054\145\271\172\013}{subsection.5.2}% 45
\BOOKMARK [3][-]{subsubsection.5.2.2}{\376\377\230\204\155\113\117\060\213\241\127\372\147\054\145\271\172\013}{subsection.5.2}% 46
\BOOKMARK [3][-]{subsubsection.5.2.3}{\376\377\116\000\202\054\140\305\121\265\116\013\166\204\000K\000a\000l\000m\000a\000n\156\344\154\342\173\227\154\325}{subsection.5.2}% 47
\BOOKMARK [3][-]{subsubsection.5.2.4}{\376\377\147\011\130\360\126\152\130\360\140\305\121\265\116\013\166\204\217\336\176\355\000K\000a\000l\000m\000a\000n\156\344\154\342}{subsection.5.2}% 48
\BOOKMARK [3][-]{subsubsection.5.2.5}{\376\377\136\163\172\063\000K\000a\000l\000m\000a\000n\156\344\154\342}{subsection.5.2}% 49
\BOOKMARK [2][-]{subsection.5.3}{\376\377\162\266\140\001\117\060\213\241\225\356\230\230\124\214\143\247\122\066\225\356\230\230\166\204\133\371\120\166\121\163\174\373}{section.5}% 50
\BOOKMARK [2][-]{subsection.5.4}{\376\377\000K\000a\000l\000m\000a\000n\156\344\154\342\126\150\166\204\140\047\200\375\122\006\147\220}{section.5}% 51
\BOOKMARK [3][-]{subsubsection.5.4.1}{\376\377\172\063\133\232\140\047}{subsection.5.4}% 52
\BOOKMARK [3][-]{subsubsection.5.4.2}{\376\377\152\041\127\213\213\357\135\356}{subsection.5.4}% 53
\BOOKMARK [3][-]{subsubsection.5.4.3}{\376\377\123\321\145\143}{subsection.5.4}% 54
